数据库迁移检查完成（2 个迁移）
已生成站长邀请码（有效期30天）：RR-CCC8-6BED-8BBF-12D0-B3E3-0A86-0626-FD06
同时保存在 .local/owner-invite.txt，注册成功前请勿删除

 ⛅️ wrangler 4.92.0 (update available 4.130.0)
──────────────────────────────────────────────
Your Worker has access to the following bindings:
Binding                       Resource         Mode
env.DB (site-creator-d1)      D1 Database      local

Attaching additional modules:
┌──────────────────────────────────────────────────────────────────────────────────────────────────────────────────────┬──────┬────────────┐
│ Name                                                                                                                 │ Type │ Size       │
├──────────────────────────────────────────────────────────────────────────────────────────────────────────────────────┼──────┼────────────┤
│ ssr/index.js                                                                                                         │ esm  │ 271.79 KiB │
├──────────────────────────────────────────────────────────────────────────────────────────────────────────────────────┼──────┼────────────┤
│ ssr/vinext-client-assets.js                                                                                          │ esm  │ 1.42 KiB   │
├──────────────────────────────────────────────────────────────────────────────────────────────────────────────────────┼──────┼────────────┤
│ ssr/_next/static/app-prefetch-fetch-queue-DxuBK-0j.js                                                                │ esm  │ 0.00 KiB   │
├──────────────────────────────────────────────────────────────────────────────────────────────────────────────────────┼──────┼────────────┤
│ ssr/_next/static/app-router-scroll-CVA6D-8y.js                                                                       │ esm  │ 2.49 KiB   │
├──────────────────────────────────────────────────────────────────────────────────────────────────────────────────────┼──────┼────────────┤
│ ssr/_next/static/auth-shell-BsQCx_ai.js                                                                              │ esm  │ 292.59 KiB │
├──────────────────────────────────────────────────────────────────────────────────────────────────────────────────────┼──────┼────────────┤
│ ssr/_next/static/error-boundary-CpKCYeaG.js                                                                          │ esm  │ 5.27 KiB   │
├──────────────────────────────────────────────────────────────────────────────────────────────────────────────────────┼──────┼────────────┤
│ ssr/_next/static/layout-segment-context-uYKxdJGQ.js                                                                  │ esm  │ 0.37 KiB   │
├──────────────────────────────────────────────────────────────────────────────────────────────────────────────────────┼──────┼────────────┤
│ ssr/_next/static/static.edge-CKJjMt3N.js                                                                             │ esm  │ 0.16 KiB   │
├──────────────────────────────────────────────────────────────────────────────────────────────────────────────────────┼──────┼────────────┤
│ ssr/_next/static/streamed-icons-CYdOGffu.js                                                                          │ esm  │ 0.67 KiB   │
├──────────────────────────────────────────────────────────────────────────────────────────────────────────────────────┼──────┼────────────┤
│ ssr/__vite_rsc_assets_manifest.js                                                                                    │ esm  │ 2.26 KiB   │
├──────────────────────────────────────────────────────────────────────────────────────────────────────────────────────┼──────┼────────────┤
│ vinext-client-assets.js                                                                                              │ esm  │ 1.42 KiB   │
├──────────────────────────────────────────────────────────────────────────────────────────────────────────────────────┼──────┼────────────┤
│ _next/static/app-page-cache-Bj4bt6AD.js                                                                              │ esm  │ 5.07 KiB   │
├──────────────────────────────────────────────────────────────────────────────────────────────────────────────────────┼──────┼────────────┤
│ _next/static/app-page-cache-finalizer-DNJdO4cw.js                                                                    │ esm  │ 3.40 KiB   │
├──────────────────────────────────────────────────────────────────────────────────────────────────────────────────────┼──────┼────────────┤
│ _next/static/app-page-cache-render-CXB9QsYZ.js                                                                       │ esm  │ 1.87 KiB   │
├──────────────────────────────────────────────────────────────────────────────────────────────────────────────────────┼──────┼────────────┤
│ _next/static/app-page-stream-BAqA-GO9.js                                                                             │ esm  │ 9.69 KiB   │
├──────────────────────────────────────────────────────────────────────────────────────────────────────────────────────┼──────┼────────────┤
│ _next/static/app-prerender-endpoints-BN_lUVc5.js                                                                     │ esm  │ 1.96 KiB   │
├──────────────────────────────────────────────────────────────────────────────────────────────────────────────────────┼──────┼────────────┤
│ _next/static/app-prerender-static-params-B1qD0gKS.js                                                                 │ esm  │ 0.17 KiB   │
├──────────────────────────────────────────────────────────────────────────────────────────────────────────────────────┼──────┼────────────┤
│ _next/static/app-route-handler-dispatch-D4H2rRm5.js                                                                  │ esm  │ 25.49 KiB  │
├──────────────────────────────────────────────────────────────────────────────────────────────────────────────────────┼──────┼────────────┤
│ _next/static/app-segment-config-DFmUtC5x.js                                                                          │ esm  │ 14.57 KiB  │
├──────────────────────────────────────────────────────────────────────────────────────────────────────────────────────┼──────┼────────────┤
│ _next/static/app-static-generation-DAQZMoAy.js                                                                       │ esm  │ 0.89 KiB   │
├──────────────────────────────────────────────────────────────────────────────────────────────────────────────────────┼──────┼────────────┤
│ _next/static/auth-DwlJ6RY3.js                                                                                        │ esm  │ 4.55 KiB   │
├──────────────────────────────────────────────────────────────────────────────────────────────────────────────────────┼──────┼────────────┤
│ _next/static/cache-headers-fb97N24i.js                                                                               │ esm  │ 47.04 KiB  │
├──────────────────────────────────────────────────────────────────────────────────────────────────────────────────────┼──────┼────────────┤
│ _next/static/framework~index-C0-sSg6i.js                                                                             │ esm  │ 0.19 KiB   │
├──────────────────────────────────────────────────────────────────────────────────────────────────────────────────────┼──────┼────────────┤
│ _next/static/framework~index~layout~page~app-page-cache-render~app-page-cache~app-route-handler-dispatch-euTdYXWf.js │ esm  │ 5.98 KiB   │
├──────────────────────────────────────────────────────────────────────────────────────────────────────────────────────┼──────┼────────────┤
│ _next/static/framework~index~page~app-route-handler-dispatch-Czyy2-iO.js                                             │ esm  │ 55.29 KiB  │
├──────────────────────────────────────────────────────────────────────────────────────────────────────────────────────┼──────┼────────────┤
│ _next/static/implicit-tags-B8TcnM_J.js                                                                               │ esm  │ 1.63 KiB   │
├──────────────────────────────────────────────────────────────────────────────────────────────────────────────────────┼──────┼────────────┤
│ _next/static/isr-cache-BC5cOPbP.js                                                                                   │ esm  │ 4.81 KiB   │
├──────────────────────────────────────────────────────────────────────────────────────────────────────────────────────┼──────┼────────────┤
│ _next/static/navigation-runtime-Dt_pFdiL.js                                                                          │ esm  │ 0.78 KiB   │
├──────────────────────────────────────────────────────────────────────────────────────────────────────────────────────┼──────┼────────────┤
│ _next/static/page-amFY2I5E.js                                                                                        │ esm  │ 0.33 KiB   │
├──────────────────────────────────────────────────────────────────────────────────────────────────────────────────────┼──────┼────────────┤
│ _next/static/record-Crmk5sem.js                                                                                      │ esm  │ 4.85 KiB   │
├──────────────────────────────────────────────────────────────────────────────────────────────────────────────────────┼──────┼────────────┤
│ _next/static/rolldown-runtime-DUnMT5BP.js                                                                            │ esm  │ 0.68 KiB   │
├──────────────────────────────────────────────────────────────────────────────────────────────────────────────────────┼──────┼────────────┤
│ _next/static/root-params-0DVgYa50.js                                                                                 │ esm  │ 1.21 KiB   │
├──────────────────────────────────────────────────────────────────────────────────────────────────────────────────────┼──────┼────────────┤
│ _next/static/route-CGNGw3qp.js                                                                                       │ esm  │ 4.10 KiB   │
├──────────────────────────────────────────────────────────────────────────────────────────────────────────────────────┼──────┼────────────┤
│ _next/static/route-DkCMExZg.js                                                                                       │ esm  │ 1.67 KiB   │
├──────────────────────────────────────────────────────────────────────────────────────────────────────────────────────┼──────┼────────────┤
│ _next/static/route-DMfYCBjk.js                                                                                       │ esm  │ 4.92 KiB   │
├──────────────────────────────────────────────────────────────────────────────────────────────────────────────────────┼──────┼────────────┤
│ _next/static/route-jKIsSiVr.js                                                                                       │ esm  │ 6.75 KiB   │
├──────────────────────────────────────────────────────────────────────────────────────────────────────────────────────┼──────┼────────────┤
│ _next/static/rsc-C0u-JDoU.js                                                                                         │ esm  │ 0.71 KiB   │
├──────────────────────────────────────────────────────────────────────────────────────────────────────────────────────┼──────┼────────────┤
│ _next/static/study-data-BSb3gsDV.js                                                                                  │ esm  │ 13.41 KiB  │
├──────────────────────────────────────────────────────────────────────────────────────────────────────────────────────┼──────┼────────────┤
│ _next/static/text-stream-ChStN0_O.js                                                                                 │ esm  │ 18.96 KiB  │
├──────────────────────────────────────────────────────────────────────────────────────────────────────────────────────┼──────┼────────────┤
│ __vite_rsc_assets_manifest.js                                                                                        │ esm  │ 2.26 KiB   │
├──────────────────────────────────────────────────────────────────────────────────────────────────────────────────────┼──────┼────────────┤
│ Total (40 modules)                                                                                                   │      │ 821.68 KiB │
└──────────────────────────────────────────────────────────────────────────────────────────────────────────────────────┴──────┴────────────┘
⎔ Starting local server...
[wrangler:info] ✨ Parsed 1 valid header rule.
[wrangler:info] Ready on http://0.0.0.0:3000
[wrangler:info] - http://169.254.159.18:3000
[wrangler:info] - http://169.254.216.215:3000
[wrangler:info] - http://172.16.5.29:3000
[wrangler:info] - http://127.0.0.1:3000
